Reading netlist file: "<original-workspace>\project\expression_baseline\impl\gwsynthesis\expression_baseline.vg"
Parsing netlist file "<original-workspace>\project\expression_baseline\impl\gwsynthesis\expression_baseline.vg" completed
Processing netlist completed
Reading constraint file: "<original-workspace>\project\instrument\src\instrument.cst"
Physical Constraint parsed completed
Running placement......
[10%] Placement Phase 0 completed
[20%] Placement Phase 1 completed
[30%] Placement Phase 2 completed
[50%] Placement Phase 3 completed
Running routing......
[60%] Routing Phase 0 completed
[70%] Routing Phase 1 completed
[80%] Routing Phase 2 completed
WARN  (PR1014) : Generic routing resource will be used to clock signal 'sys_clk_d' by the specified constraint. And then it may lead to the excessive delay or skew
[90%] Routing Phase 3 completed
Running timing analysis......
[95%] Timing analysis completed
Placement and routing completed
Bitstream generation in progress......
Bitstream generation completed
Running power analysis......
[100%] Power analysis completed
Generate file "<original-workspace>\project\expression_baseline\impl\pnr\expression_baseline.power.html" completed
Generate file "<original-workspace>\project\expression_baseline\impl\pnr\expression_baseline.pin.html" completed
Generate file "<original-workspace>\project\expression_baseline\impl\pnr\expression_baseline.rpt.html" completed
Generate file "<original-workspace>\project\expression_baseline\impl\pnr\expression_baseline.rpt.txt" completed
Generate file "<original-workspace>\project\expression_baseline\impl\pnr\expression_baseline.tr.html" completed
Fri Sep 18 18:25:11 2026

