Reading netlist file: "$REPO\project\input\knob_suite\board\volume\impl\gwsynthesis\knob_volume.vg"
Parsing netlist file "$REPO\project\input\knob_suite\board\volume\impl\gwsynthesis\knob_volume.vg" completed
Processing netlist completed
Reading constraint file: "$REPO\project\input\ec11_probe\src\ec11_probe.cst"
Physical Constraint parsed completed
Running placement......
[10%] Placement Phase 0 completed
[20%] Placement Phase 1 completed
[30%] Placement Phase 2 completed
[50%] Placement Phase 3 completed
Running routing......
[60%] Routing Phase 0 completed
[70%] Routing Phase 1 completed
[80%] Routing Phase 2 completed
WARN  (PR1014) : Generic routing resource will be used to clock signal 'sys_clk_d' by the specified constraint. And then it may lead to the excessive delay or skew
[90%] Routing Phase 3 completed
Running timing analysis......
[95%] Timing analysis completed
Placement and routing completed
Bitstream generation in progress......
Bitstream generation completed
Running power analysis......
[100%] Power analysis completed
Generate file "$REPO\project\input\knob_suite\board\volume\impl\pnr\knob_volume.power.html" completed
Generate file "$REPO\project\input\knob_suite\board\volume\impl\pnr\knob_volume.pin.html" completed
Generate file "$REPO\project\input\knob_suite\board\volume\impl\pnr\knob_volume.rpt.html" completed
Generate file "$REPO\project\input\knob_suite\board\volume\impl\pnr\knob_volume.rpt.txt" completed
Generate file "$REPO\project\input\knob_suite\board\volume\impl\pnr\knob_volume.tr.html" completed
Sun Sep 20 02:29:29 2026
