# vsim -do {$REPO\project\input\knob_suite\sim\run.do} -l transport_tb.log -lib work -c transport_tb
# Loading work.transport_tb
# Loading work.transport_checker
# Loading work.knob_audio_top
# Loading work.ec11_input
# Loading work.knob_engine
# Loading work.knob_controls
# Loading work.knob_volume_table
# Loading work.stream_fifo
# Loading work.knob_bank
# Loading work.knob_gain
# Loading work.pt8211_tx
# Loading work.knob_slot
# Loading work.note_table
# Loading work.knob_reference_voice
# Loading work.knob_effect
# Loading work.feedback_delay
# Loading work.synth_voice
# Loading work.adsr_envelope
# Loading work.sine_rom
# Loading work.fm_voice
# Loading work.fm_note_table
# Loading work.fm_sine_interp
# Loading work.fm_sine_rom
# Loading work.pluck_voice
# Loading work.pluck_note_table
# do {$REPO\project\input\knob_suite\sim\run.do}
# TRANSPORT_TB_PASS modes=5 frames_each=1077 detents=7 real_50MHz=1 serial_pcm_exact=1
# ** Note: $finish    : $REPO/project/input/knob_suite/sim/transport_tb.v(65)
#    Time: 22420 us  Iteration: 0  Instance: /transport_tb
