# vsim -do run.do -l system_input_tb.log -lib work -c system_input_tb 
# Loading work.system_input_tb
# Loading work.matrix_network
# Loading work.control_surface
# Loading work.matrix_scanner
# Loading work.key_pipeline
# Loading work.stream_fifo
# Loading work.key_router
# Loading work.ec11_input
# Loading work.pressure_expression
# Loading work.system_engine
# Loading work.stream_arbiter2
# Loading work.system_core
# Loading work.system_controls
# Loading work.performance_manager
# Loading work.baseline_mixer
# Loading work.audio_meter
# Loading work.waveform_tap
# Loading work.pt8211_tx
# Loading work.serial_checker
# Loading work.note_table
# Loading work.system_voice
# Loading work.synth_voice
# Loading work.adsr_envelope
# Loading work.sine_rom
# do run.do 
# SYSTEM_INPUT_TB_PASS on=3 off=2 frames=1942 control_to_event_ns=1600370 control_to_serial_ns=1794392 snapshots=1 ghost_release=1
# ** Note: $finish    : $REPO/project/system/sim/system_input_tb.v(71)
#    Time: 40400360 ns  Iteration: 0  Instance: /system_input_tb
