# vsim -do run.do -l transport_v0_tb.log -lib work -c transport_v0_tb 
# Loading work.transport_v0_tb
# Loading work.system_top
# Loading work.system_demo
# Loading work.baseline_demo
# Loading work.system_engine
# Loading work.stream_fifo
# Loading work.stream_arbiter2
# Loading work.system_core
# Loading work.system_controls
# Loading work.performance_manager
# Loading work.baseline_mixer
# Loading work.audio_meter
# Loading work.waveform_tap
# Loading work.pt8211_tx
# Loading work.serial_checker
# Loading work.note_table
# Loading work.system_voice
# Loading work.synth_voice
# Loading work.adsr_envelope
# Loading work.sine_rom
# do run.do 
# TRANSPORT_V0_TB_PASS frames=2048 events=48 configs=10
# ** Note: $finish    : $REPO/project/system/sim/transport_v0_tb.v(16)
#    Time: 42598711 ns  Iteration: 1  Instance: /transport_v0_tb
