Reading E:/QuartusII/modelsim_ase/tcl/vsim/pref.tcl

# 10.1d

# vsim -do {run -all; quit -f} -lib work_output -c output_board_tb
# Loading work_output.output_board_tb
# Loading work_output.output_top
# Loading work_output.matrix_scanner
# Loading work_output.ec11_input
# Loading work_output.output_engine
# Loading work_output.output_controls
# Loading work_output.knob_volume_table
# Loading work_output.palette_keys
# Loading work_output.stream_fifo
# Loading work_output.output_bank
# Loading work_output.note_table
# Loading work_output.pluck_note_table
# Loading work_output.output_shared_tone
# Loading work_output.knob_gain
# Loading work_output.output_polarity
# Loading work_output.output_tx
# Loading work_output.pt8211_tx
# Loading work_output.playable_led
# Loading work_output.playable_button
# Loading work_output.palette_sine
# Loading work_output.palette_slot
# Loading work_output.palette_tone_state
# Loading work_output.palette_pluck
# Loading work_output.adsr_envelope
# run -all
# OUTPUT_BOARD_TB_PASS physical matrix/buttons/encoder, two-zone identity, ghost recovery, 1296 stereo words 1010 nonzero
# ** Note: $finish    : D:/uestc/SCM/GowinFPGA/project/audio_output_lab/sim/output_board_tb.v(69)
#    Time: 13484560 ns  Iteration: 1  Instance: /output_board_tb
